
Memory Configuration

Name             Origin             Length             Attributes
flash            0x00000000         0x00002000
ram_isp_low      0x40000120         0x000000df         a
ram              0x40000200         0x00001de0
ram_isp_high     0x40001fe0         0x00000020         a
*default*        0x00000000         0xffffffff

Linker script and memory map

                0x40001edc                _stack_end = 0x40001edc
                0x00000000                . = 0x0

startup
 *(.startup)

.text           0x00000000      0x3b8
 *(.text)
 .text          0x00000000       0xd8 crt.o
                0x00000000                _startup
                0x00000040                Reset_Handler
 .text          0x000000d8      0x2e0 main.o
                0x00000160                system_init
                0x00000114                UNDEF_Routine
                0x00000100                SWI_Routine
                0x00000224                timer1_init
                0x00000214                timer1_int_handler
                0x000000ec                FIQ_Routine
                0x000002e4                main
                0x00000128                feed
                0x000000d8                IRQ_Routine
 *(.rodata)
 *(.rodata*)
 *(.glue_7)
 *(.glue_7t)
                0x000003b8                _etext = .

.data           0x40000200        0x0 load address 0x000003b8
                0x40000200                _data = .
 *(.data)
                0x40000200                _edata = .

.bss            0x40000200        0x0
                0x40000200                _bss_start = .
 *(.bss)
                0x40000200                . = ALIGN (0x4)
                0x40000200                _bss_end = .
                0x40000200                _end = .
LOAD crt.o
LOAD main.o
OUTPUT(main.out elf32-littlearm)

.debug_abbrev   0x00000000       0x5c
 .debug_abbrev  0x00000000       0x5c main.o

.debug_info     0x00000000      0x186
 .debug_info    0x00000000      0x186 main.o

.debug_line     0x00000000       0x67
 .debug_line    0x00000000       0x67 main.o

.debug_frame    0x00000000      0x130
 .debug_frame   0x00000000      0x130 main.o

.debug_pubnames
                0x00000000       0x9d
 .debug_pubnames
                0x00000000       0x9d main.o

.debug_aranges  0x00000000       0x20
 .debug_aranges
                0x00000000       0x20 main.o

.comment        0x00000000       0x12
 .comment       0x00000000       0x12 main.o
