Archive member included because of file (symbol)

/home/cas/Documentos/06_software/arm_toolchain/codesourcery_arm_toolchain-2009q3/bin/../lib/gcc/arm-none-eabi/4.4.1/../../../../arm-none-eabi/lib/thumb2/libc.a(lib_a-memcpy.o)
                              FreeRTOS/queue.o (memcpy)
/home/cas/Documentos/06_software/arm_toolchain/codesourcery_arm_toolchain-2009q3/bin/../lib/gcc/arm-none-eabi/4.4.1/../../../../arm-none-eabi/lib/thumb2/libc.a(lib_a-memset.o)
                              FreeRTOS/tasks.o (memset)
/home/cas/Documentos/06_software/arm_toolchain/codesourcery_arm_toolchain-2009q3/bin/../lib/gcc/arm-none-eabi/4.4.1/../../../../arm-none-eabi/lib/thumb2/libc.a(lib_a-strncpy.o)
                              FreeRTOS/tasks.o (strncpy)

Allocating common symbols
Common symbol       size              file

xQueueRegistry      0x50              FreeRTOS/queue.o
dev_175x            0x1               main.o

Memory Configuration

Name             Origin             Length             Attributes
rom              0x00000000         0x00080000         xr
ram              0x10000000         0x00008000         xrw
*default*        0x00000000         0xffffffff

Linker script and memory map

LOAD /home/cas/Documentos/06_software/arm_toolchain/codesourcery_arm_toolchain-2009q3/bin/../lib/gcc/arm-none-eabi/4.4.1/thumb2/crti.o
LOAD /home/cas/Documentos/06_software/arm_toolchain/codesourcery_arm_toolchain-2009q3/bin/../lib/gcc/arm-none-eabi/4.4.1/thumb2/crtbegin.o
LOAD main.o
LOAD printf-stdarg.o
LOAD syscalls.o
LOAD LPC17xx_Interrupts.o
LOAD ../../libs/CMSIS/CM3/DeviceSupport/NXP/LPC17xx/system_LPC17xx.o
LOAD ../../libs/CMSIS/CM3/CoreSupport/core_cm3.o
LOAD FreeRTOS/list.o
LOAD FreeRTOS/queue.o
LOAD FreeRTOS/tasks.o
LOAD FreeRTOS/portable/MemMang/heap_2.o
LOAD FreeRTOS/portable/GCC/ARM_CM3/port.o
START GROUP
LOAD /home/cas/Documentos/06_software/arm_toolchain/codesourcery_arm_toolchain-2009q3/bin/../lib/gcc/arm-none-eabi/4.4.1/thumb2/libgcc.a
LOAD /home/cas/Documentos/06_software/arm_toolchain/codesourcery_arm_toolchain-2009q3/bin/../lib/gcc/arm-none-eabi/4.4.1/../../../../arm-none-eabi/lib/thumb2/libc.a
END GROUP
LOAD /home/cas/Documentos/06_software/arm_toolchain/codesourcery_arm_toolchain-2009q3/bin/../lib/gcc/arm-none-eabi/4.4.1/thumb2/crtend.o
LOAD /home/cas/Documentos/06_software/arm_toolchain/codesourcery_arm_toolchain-2009q3/bin/../lib/gcc/arm-none-eabi/4.4.1/thumb2/crtn.o
START GROUP
LOAD /home/cas/Documentos/06_software/arm_toolchain/codesourcery_arm_toolchain-2009q3/bin/../lib/gcc/arm-none-eabi/4.4.1/thumb2/libgcc.a
LOAD /home/cas/Documentos/06_software/arm_toolchain/codesourcery_arm_toolchain-2009q3/bin/../lib/gcc/arm-none-eabi/4.4.1/../../../../arm-none-eabi/lib/thumb2/libc.a
LOAD /home/cas/Documentos/06_software/arm_toolchain/codesourcery_arm_toolchain-2009q3/bin/../lib/gcc/arm-none-eabi/4.4.1/../../../../arm-none-eabi/lib/thumb2/libcs3.a
LOAD /home/cas/Documentos/06_software/arm_toolchain/codesourcery_arm_toolchain-2009q3/bin/../lib/gcc/arm-none-eabi/4.4.1/../../../../arm-none-eabi/lib/thumb2/libcs3unhosted.a
LOAD /home/cas/Documentos/06_software/arm_toolchain/codesourcery_arm_toolchain-2009q3/bin/../lib/gcc/arm-none-eabi/4.4.1/../../../../arm-none-eabi/lib/thumb2/libcs3micro.a
END GROUP

.text           0x00000000     0x3270
 *(.irq_handler_table)
 .irq_handler_table
                0x00000000       0xcc LPC17xx_Interrupts.o
                0x00000000                _NVIC_Handler_Functions
 *(.text*)
 .text          0x000000cc        0x0 /home/cas/Documentos/06_software/arm_toolchain/codesourcery_arm_toolchain-2009q3/bin/../lib/gcc/arm-none-eabi/4.4.1/thumb2/crti.o
 .text          0x000000cc       0x68 /home/cas/Documentos/06_software/arm_toolchain/codesourcery_arm_toolchain-2009q3/bin/../lib/gcc/arm-none-eabi/4.4.1/thumb2/crtbegin.o
 .text          0x00000134        0x0 main.o
 .text.blink_led
                0x00000134       0x58 main.o
                0x00000134                blink_led
 .text.main     0x0000018c       0x48 main.o
                0x0000018c                main
 .text.prvSetupHardware
                0x000001d4      0x350 main.o
 .text.vApplicationStackOverflowHook
                0x00000524        0xc main.o
                0x00000524                vApplicationStackOverflowHook
 .text.vConfigureTimerForRunTimeStats
                0x00000530        0xc main.o
                0x00000530                vConfigureTimerForRunTimeStats
 .text.vApplicationTickHook
                0x0000053c        0x8 main.o
                0x0000053c                vApplicationTickHook
 .text          0x00000544        0x0 printf-stdarg.o
 .text.printchar
                0x00000544       0x30 printf-stdarg.o
 .text.prints   0x00000574       0xd4 printf-stdarg.o
 .text.printi   0x00000648       0xf8 printf-stdarg.o
 .text.print    0x00000740      0x21c printf-stdarg.o
 .text.printf   0x0000095c       0x2c printf-stdarg.o
                0x0000095c                printf
 .text.sprintf  0x00000988       0x30 printf-stdarg.o
                0x00000988                sprintf
 .text.snprintf
                0x000009b8       0x34 printf-stdarg.o
                0x000009b8                snprintf
 .text.write    0x000009ec       0x1c printf-stdarg.o
                0x000009ec                write
 .text          0x00000a08        0x0 syscalls.o
 .text._read_r  0x00000a08       0x20 syscalls.o
                0x00000a08                _read_r
 .text._lseek_r
                0x00000a28       0x20 syscalls.o
                0x00000a28                _lseek_r
 .text._write_r
                0x00000a48       0x20 syscalls.o
                0x00000a48                _write_r
 .text._close_r
                0x00000a68       0x1c syscalls.o
                0x00000a68                _close_r
 .text._sbrk_r  0x00000a84       0x1c syscalls.o
                0x00000a84                _sbrk_r
 .text._fstat_r
                0x00000aa0       0x1c syscalls.o
                0x00000aa0                _fstat_r
 .text._isatty_r
                0x00000abc       0x1c syscalls.o
                0x00000abc                _isatty_r
 .text          0x00000ad8        0x0 LPC17xx_Interrupts.o
 .text.Reset_Handler
                0x00000ad8       0x74 LPC17xx_Interrupts.o
                0x00000ad8                Reset_Handler
 .text.Default_Handler
                0x00000b4c        0x8 LPC17xx_Interrupts.o
                0x00000b4c                TIMER2_IRQHandler
                0x00000b4c                DebugMon_Handler
                0x00000b4c                RIT_IRQHandler
                0x00000b4c                I2C0_IRQHandler
                0x00000b4c                HardFault_Handler
                0x00000b4c                PWM1_IRQHandler
                0x00000b4c                NMI_Handler
                0x00000b4c                I2C1_IRQHandler
                0x00000b4c                EINT2_IRQHandler
                0x00000b4c                UART1_IRQHandler
                0x00000b4c                EINT3_IRQHandler
                0x00000b4c                TIMER3_IRQHandler
                0x00000b4c                UART0_IRQHandler
                0x00000b4c                MemManagement_Handler
                0x00000b4c                UsageFault_Handler
                0x00000b4c                PLL0_IRQHandler
                0x00000b4c                CAN_IRQHandler
                0x00000b4c                PLL1_IRQHandler
                0x00000b4c                SSP0_IRQHandler
                0x00000b4c                I2S_IRQHandler
                0x00000b4c                I2C2_IRQHandler
                0x00000b4c                RTC_IRQHandler
                0x00000b4c                TIMER0_IRQHandler
                0x00000b4c                SPI_IRQHandler
                0x00000b4c                EINT1_IRQHandler
                0x00000b4c                TIMER1_IRQHandler
                0x00000b4c                UART2_IRQHandler
                0x00000b4c                ADC_IRQHandler
                0x00000b4c                SSP1_IRQHandler
                0x00000b4c                USB_IRQHandler
                0x00000b4c                BOD_IRQHandler
                0x00000b4c                WDT_IRQHandler
                0x00000b4c                QEI_IRQHandler
                0x00000b4c                EINT0_IRQHandler
                0x00000b4c                USBACT_IRQHandler
                0x00000b4c                CANACT_IRQHandler
                0x00000b4c                DMA_IRQHandler
                0x00000b4c                vEMAC_ISR
                0x00000b4c                BusFault_Handler
                0x00000b4c                UART3_IRQHandler
                0x00000b4c                MCPWM_IRQHandler
                0x00000b4c                ENET_IRQHandler
 .text          0x00000b54        0x0 ../../libs/CMSIS/CM3/DeviceSupport/NXP/LPC17xx/system_LPC17xx.o
 .text.SystemCoreClockUpdate
                0x00000b54      0x228 ../../libs/CMSIS/CM3/DeviceSupport/NXP/LPC17xx/system_LPC17xx.o
                0x00000b54                SystemCoreClockUpdate
 .text.SystemInit
                0x00000d7c      0x214 ../../libs/CMSIS/CM3/DeviceSupport/NXP/LPC17xx/system_LPC17xx.o
                0x00000d7c                SystemInit
 .text          0x00000f90        0x0 ../../libs/CMSIS/CM3/CoreSupport/core_cm3.o
 .text.__get_PSP
                0x00000f90       0x10 ../../libs/CMSIS/CM3/CoreSupport/core_cm3.o
                0x00000f90                __get_PSP
 .text.__set_PSP
                0x00000fa0        0x8 ../../libs/CMSIS/CM3/CoreSupport/core_cm3.o
                0x00000fa0                __set_PSP
 .text.__get_MSP
                0x00000fa8       0x10 ../../libs/CMSIS/CM3/CoreSupport/core_cm3.o
                0x00000fa8                __get_MSP
 .text.__set_MSP
                0x00000fb8        0x8 ../../libs/CMSIS/CM3/CoreSupport/core_cm3.o
                0x00000fb8                __set_MSP
 .text.__get_BASEPRI
                0x00000fc0       0x20 ../../libs/CMSIS/CM3/CoreSupport/core_cm3.o
                0x00000fc0                __get_BASEPRI
 .text.__set_BASEPRI
                0x00000fe0       0x18 ../../libs/CMSIS/CM3/CoreSupport/core_cm3.o
                0x00000fe0                __set_BASEPRI
 .text.__get_PRIMASK
                0x00000ff8       0x20 ../../libs/CMSIS/CM3/CoreSupport/core_cm3.o
                0x00000ff8                __get_PRIMASK
 .text.__set_PRIMASK
                0x00001018       0x18 ../../libs/CMSIS/CM3/CoreSupport/core_cm3.o
                0x00001018                __set_PRIMASK
 .text.__get_FAULTMASK
                0x00001030       0x20 ../../libs/CMSIS/CM3/CoreSupport/core_cm3.o
                0x00001030                __get_FAULTMASK
 .text.__set_FAULTMASK
                0x00001050       0x18 ../../libs/CMSIS/CM3/CoreSupport/core_cm3.o
                0x00001050                __set_FAULTMASK
 .text.__get_CONTROL
                0x00001068       0x20 ../../libs/CMSIS/CM3/CoreSupport/core_cm3.o
                0x00001068                __get_CONTROL
 .text.__set_CONTROL
                0x00001088       0x18 ../../libs/CMSIS/CM3/CoreSupport/core_cm3.o
                0x00001088                __set_CONTROL
 .text.__REV    0x000010a0       0x24 ../../libs/CMSIS/CM3/CoreSupport/core_cm3.o
                0x000010a0                __REV
 .text.__REV16  0x000010c4       0x24 ../../libs/CMSIS/CM3/CoreSupport/core_cm3.o
                0x000010c4                __REV16
 .text.__REVSH  0x000010e8       0x24 ../../libs/CMSIS/CM3/CoreSupport/core_cm3.o
                0x000010e8                __REVSH
 .text.__RBIT   0x0000110c       0x24 ../../libs/CMSIS/CM3/CoreSupport/core_cm3.o
                0x0000110c                __RBIT
 .text.__LDREXB
                0x00001130       0x24 ../../libs/CMSIS/CM3/CoreSupport/core_cm3.o
                0x00001130                __LDREXB
 .text.__LDREXH
                0x00001154       0x24 ../../libs/CMSIS/CM3/CoreSupport/core_cm3.o
                0x00001154                __LDREXH
 .text.__LDREXW
                0x00001178       0x24 ../../libs/CMSIS/CM3/CoreSupport/core_cm3.o
                0x00001178                __LDREXW
 .text.__STREXB
                0x0000119c       0x2c ../../libs/CMSIS/CM3/CoreSupport/core_cm3.o
                0x0000119c                __STREXB
 .text.__STREXH
                0x000011c8       0x2c ../../libs/CMSIS/CM3/CoreSupport/core_cm3.o
                0x000011c8                __STREXH
 .text.__STREXW
                0x000011f4       0x28 ../../libs/CMSIS/CM3/CoreSupport/core_cm3.o
                0x000011f4                __STREXW
 .text          0x0000121c        0x0 FreeRTOS/list.o
 .text.vListInitialise
                0x0000121c       0x48 FreeRTOS/list.o
                0x0000121c                vListInitialise
 .text.vListInitialiseItem
                0x00001264       0x1c FreeRTOS/list.o
                0x00001264                vListInitialiseItem
 .text.vListInsertEnd
                0x00001280       0x50 FreeRTOS/list.o
                0x00001280                vListInsertEnd
 .text.vListInsert
                0x000012d0       0x74 FreeRTOS/list.o
                0x000012d0                vListInsert
 .text.vListRemove
                0x00001344       0x54 FreeRTOS/list.o
                0x00001344                vListRemove
 .text          0x00001398        0x0 FreeRTOS/queue.o
 .text.xQueueCreate
                0x00001398       0xcc FreeRTOS/queue.o
                0x00001398                xQueueCreate
 .text.xQueueGenericSend
                0x00001464      0x120 FreeRTOS/queue.o
                0x00001464                xQueueGenericSend
 .text.xQueueGenericSendFromISR
                0x00001584       0x98 FreeRTOS/queue.o
                0x00001584                xQueueGenericSendFromISR
 .text.xQueueGenericReceive
                0x0000161c      0x164 FreeRTOS/queue.o
                0x0000161c                xQueueGenericReceive
 .text.xQueueReceiveFromISR
                0x00001780       0x9c FreeRTOS/queue.o
                0x00001780                xQueueReceiveFromISR
 .text.uxQueueMessagesWaiting
                0x0000181c       0x24 FreeRTOS/queue.o
                0x0000181c                uxQueueMessagesWaiting
 .text.uxQueueMessagesWaitingFromISR
                0x00001840       0x1c FreeRTOS/queue.o
                0x00001840                uxQueueMessagesWaitingFromISR
 .text.vQueueDelete
                0x0000185c       0x28 FreeRTOS/queue.o
                0x0000185c                vQueueDelete
 .text.prvCopyDataToQueue
                0x00001884       0xac FreeRTOS/queue.o
 .text.prvCopyDataFromQueue
                0x00001930       0x50 FreeRTOS/queue.o
 .text.prvUnlockQueue
                0x00001980       0xa0 FreeRTOS/queue.o
 .text.prvIsQueueEmpty
                0x00001a20       0x2c FreeRTOS/queue.o
 .text.xQueueIsQueueEmptyFromISR
                0x00001a4c       0x24 FreeRTOS/queue.o
                0x00001a4c                xQueueIsQueueEmptyFromISR
 .text.prvIsQueueFull
                0x00001a70       0x30 FreeRTOS/queue.o
 .text.xQueueIsQueueFullFromISR
                0x00001aa0       0x28 FreeRTOS/queue.o
                0x00001aa0                xQueueIsQueueFullFromISR
 .text.vQueueAddToRegistry
                0x00001ac8       0x64 FreeRTOS/queue.o
                0x00001ac8                vQueueAddToRegistry
 .text.vQueueUnregisterQueue
                0x00001b2c       0x54 FreeRTOS/queue.o
 .text          0x00001b80        0x0 FreeRTOS/tasks.o
 .text.xTaskGenericCreate
                0x00001b80      0x1a0 FreeRTOS/tasks.o
                0x00001b80                xTaskGenericCreate
 .text.vTaskDelayUntil
                0x00001d20      0x114 FreeRTOS/tasks.o
                0x00001d20                vTaskDelayUntil
 .text.vTaskDelay
                0x00001e34       0xb8 FreeRTOS/tasks.o
                0x00001e34                vTaskDelay
 .text.vTaskPrioritySet
                0x00001eec      0x120 FreeRTOS/tasks.o
                0x00001eec                vTaskPrioritySet
 .text.vTaskSuspend
                0x0000200c       0x84 FreeRTOS/tasks.o
                0x0000200c                vTaskSuspend
 .text.xTaskIsTaskSuspended
                0x00002090       0x50 FreeRTOS/tasks.o
                0x00002090                xTaskIsTaskSuspended
 .text.vTaskResume
                0x000020e0       0xac FreeRTOS/tasks.o
                0x000020e0                vTaskResume
 .text.xTaskResumeFromISR
                0x0000218c       0xc0 FreeRTOS/tasks.o
                0x0000218c                xTaskResumeFromISR
 .text.vTaskStartScheduler
                0x0000224c       0x7c FreeRTOS/tasks.o
                0x0000224c                vTaskStartScheduler
 .text.vTaskEndScheduler
                0x000022c8       0x24 FreeRTOS/tasks.o
                0x000022c8                vTaskEndScheduler
 .text.vTaskSuspendAll
                0x000022ec       0x24 FreeRTOS/tasks.o
                0x000022ec                vTaskSuspendAll
 .text.xTaskResumeAll
                0x00002310      0x160 FreeRTOS/tasks.o
                0x00002310                xTaskResumeAll
 .text.xTaskGetTickCount
                0x00002470       0x28 FreeRTOS/tasks.o
                0x00002470                xTaskGetTickCount
 .text.uxTaskGetNumberOfTasks
                0x00002498       0x18 FreeRTOS/tasks.o
                0x00002498                uxTaskGetNumberOfTasks
 .text.vTaskIncrementTick
                0x000024b0      0x150 FreeRTOS/tasks.o
                0x000024b0                vTaskIncrementTick
 .text.vTaskSwitchContext
                0x00002600       0xcc FreeRTOS/tasks.o
                0x00002600                vTaskSwitchContext
 .text.vTaskPlaceOnEventList
                0x000026cc       0xd4 FreeRTOS/tasks.o
                0x000026cc                vTaskPlaceOnEventList
 .text.xTaskRemoveFromEventList
                0x000027a0       0xd4 FreeRTOS/tasks.o
                0x000027a0                xTaskRemoveFromEventList
 .text.vTaskSetTimeOutState
                0x00002874       0x30 FreeRTOS/tasks.o
                0x00002874                vTaskSetTimeOutState
 .text.xTaskCheckForTimeOut
                0x000028a4       0xa8 FreeRTOS/tasks.o
                0x000028a4                xTaskCheckForTimeOut
 .text.vTaskMissedYield
                0x0000294c       0x18 FreeRTOS/tasks.o
                0x0000294c                vTaskMissedYield
 .text.prvIdleTask
                0x00002964       0x10 FreeRTOS/tasks.o
 .text.prvInitialiseTCBVariables
                0x00002974       0x78 FreeRTOS/tasks.o
 .text.prvInitialiseTaskLists
                0x000029ec       0x98 FreeRTOS/tasks.o
 .text.prvCheckTasksWaitingTermination
                0x00002a84        0xc FreeRTOS/tasks.o
 .text.prvAllocateTCBAndStack
                0x00002a90       0x6c FreeRTOS/tasks.o
 .text          0x00002afc        0x0 FreeRTOS/portable/MemMang/heap_2.o
 .text.pvPortMalloc
                0x00002afc      0x1c4 FreeRTOS/portable/MemMang/heap_2.o
                0x00002afc                pvPortMalloc
 .text.vPortFree
                0x00002cc0       0x88 FreeRTOS/portable/MemMang/heap_2.o
                0x00002cc0                vPortFree
 .text.xPortGetFreeHeapSize
                0x00002d48       0x18 FreeRTOS/portable/MemMang/heap_2.o
                0x00002d48                xPortGetFreeHeapSize
 .text.vPortInitialiseBlocks
                0x00002d60        0xc FreeRTOS/portable/MemMang/heap_2.o
                0x00002d60                vPortInitialiseBlocks
 .text          0x00002d6c        0x0 FreeRTOS/portable/GCC/ARM_CM3/port.o
 .text.pxPortInitialiseStack
                0x00002d6c       0x60 FreeRTOS/portable/GCC/ARM_CM3/port.o
                0x00002d6c                pxPortInitialiseStack
 .text.vPortSVCHandler
                0x00002dcc       0x20 FreeRTOS/portable/GCC/ARM_CM3/port.o
                0x00002dcc                vPortSVCHandler
 .text.vPortStartFirstTask
                0x00002dec       0x10 FreeRTOS/portable/GCC/ARM_CM3/port.o
                0x00002dec                vPortStartFirstTask
 .text.xPortStartScheduler
                0x00002dfc       0x54 FreeRTOS/portable/GCC/ARM_CM3/port.o
                0x00002dfc                xPortStartScheduler
 .text.vPortEndScheduler
                0x00002e50        0xc FreeRTOS/portable/GCC/ARM_CM3/port.o
                0x00002e50                vPortEndScheduler
 .text.vPortYieldFromISR
                0x00002e5c       0x18 FreeRTOS/portable/GCC/ARM_CM3/port.o
                0x00002e5c                vPortYieldFromISR
 .text.vPortEnterCritical
                0x00002e74       0x2c FreeRTOS/portable/GCC/ARM_CM3/port.o
                0x00002e74                vPortEnterCritical
 .text.vPortExitCritical
                0x00002ea0       0x38 FreeRTOS/portable/GCC/ARM_CM3/port.o
                0x00002ea0                vPortExitCritical
 .text.xPortPendSVHandler
                0x00002ed8       0x3c FreeRTOS/portable/GCC/ARM_CM3/port.o
                0x00002ed8                xPortPendSVHandler
 .text.xPortSysTickHandler
                0x00002f14       0x38 FreeRTOS/portable/GCC/ARM_CM3/port.o
                0x00002f14                xPortSysTickHandler
 .text.prvSetupTimerInterrupt
                0x00002f4c       0x2c FreeRTOS/portable/GCC/ARM_CM3/port.o
 .text          0x00002f78      0x190 /home/cas/Documentos/06_software/arm_toolchain/codesourcery_arm_toolchain-2009q3/bin/../lib/gcc/arm-none-eabi/4.4.1/../../../../arm-none-eabi/lib/thumb2/libc.a(lib_a-memcpy.o)
                0x00002f78                memcpy
 .text          0x00003108       0xd4 /home/cas/Documentos/06_software/arm_toolchain/codesourcery_arm_toolchain-2009q3/bin/../lib/gcc/arm-none-eabi/4.4.1/../../../../arm-none-eabi/lib/thumb2/libc.a(lib_a-memset.o)
                0x00003108                memset
 .text          0x000031dc       0x78 /home/cas/Documentos/06_software/arm_toolchain/codesourcery_arm_toolchain-2009q3/bin/../lib/gcc/arm-none-eabi/4.4.1/../../../../arm-none-eabi/lib/thumb2/libc.a(lib_a-strncpy.o)
                0x000031dc                strncpy
 .text          0x00003254        0x0 /home/cas/Documentos/06_software/arm_toolchain/codesourcery_arm_toolchain-2009q3/bin/../lib/gcc/arm-none-eabi/4.4.1/thumb2/crtend.o
 .text          0x00003254        0x0 /home/cas/Documentos/06_software/arm_toolchain/codesourcery_arm_toolchain-2009q3/bin/../lib/gcc/arm-none-eabi/4.4.1/thumb2/crtn.o
 *(.rodata*)
 .rodata        0x00003254        0x4 main.o
 .rodata        0x00003258        0x8 printf-stdarg.o
 .rodata        0x00003260        0x8 FreeRTOS/tasks.o
 .rodata        0x00003268        0x2 FreeRTOS/portable/MemMang/heap_2.o
 *fill*         0x0000326a        0x2 00
 .rodata        0x0000326c        0x4 FreeRTOS/portable/GCC/ARM_CM3/port.o
                0x0000326c                ulKernelPriority

.glue_7         0x00003270        0x0
 .glue_7        0x00000000        0x0 linker stubs

.glue_7t        0x00003270        0x0
 .glue_7t       0x00000000        0x0 linker stubs

.vfp11_veneer   0x00003270        0x0
 .vfp11_veneer  0x00000000        0x0 linker stubs

.v4_bx          0x00003270        0x0
 .v4_bx         0x00000000        0x0 linker stubs

.init           0x00003270        0xc
 .init          0x00003270        0x4 /home/cas/Documentos/06_software/arm_toolchain/codesourcery_arm_toolchain-2009q3/bin/../lib/gcc/arm-none-eabi/4.4.1/thumb2/crti.o
                0x00003270                _init
 .init          0x00003274        0x8 /home/cas/Documentos/06_software/arm_toolchain/codesourcery_arm_toolchain-2009q3/bin/../lib/gcc/arm-none-eabi/4.4.1/thumb2/crtn.o

.fini           0x0000327c        0xc
 .fini          0x0000327c        0x4 /home/cas/Documentos/06_software/arm_toolchain/codesourcery_arm_toolchain-2009q3/bin/../lib/gcc/arm-none-eabi/4.4.1/thumb2/crti.o
                0x0000327c                _fini
 .fini          0x00003280        0x8 /home/cas/Documentos/06_software/arm_toolchain/codesourcery_arm_toolchain-2009q3/bin/../lib/gcc/arm-none-eabi/4.4.1/thumb2/crtn.o

.eh_frame       0x00003288        0x4
 .eh_frame      0x00003288        0x0 /home/cas/Documentos/06_software/arm_toolchain/codesourcery_arm_toolchain-2009q3/bin/../lib/gcc/arm-none-eabi/4.4.1/thumb2/crtbegin.o
 .eh_frame      0x00003288        0x4 /home/cas/Documentos/06_software/arm_toolchain/codesourcery_arm_toolchain-2009q3/bin/../lib/gcc/arm-none-eabi/4.4.1/thumb2/crtend.o

.ARM.extab
 *(.ARM.extab* .gnu.linkonce.armextab.*)
                0x0000328c                __exidx_start = .

.ARM.exidx
 *(.ARM.exidx* .gnu.linkonce.armexidx.*)
                0x0000328c                __exidx_end = .
                0x0000328c                _etext = .

.data           0x10000000        0xc load address 0x0000328c
                0x10000000                _data = .
 *(vtable)
 *(.data*)
 .data          0x10000000        0x0 /home/cas/Documentos/06_software/arm_toolchain/codesourcery_arm_toolchain-2009q3/bin/../lib/gcc/arm-none-eabi/4.4.1/thumb2/crti.o
 .data          0x10000000        0x4 /home/cas/Documentos/06_software/arm_toolchain/codesourcery_arm_toolchain-2009q3/bin/../lib/gcc/arm-none-eabi/4.4.1/thumb2/crtbegin.o
                0x10000000                __dso_handle
 .data          0x10000004        0x0 main.o
 .data          0x10000004        0x0 printf-stdarg.o
 .data          0x10000004        0x0 syscalls.o
 .data          0x10000004        0x0 LPC17xx_Interrupts.o
 .data          0x10000004        0x4 ../../libs/CMSIS/CM3/DeviceSupport/NXP/LPC17xx/system_LPC17xx.o
                0x10000004                SystemCoreClock
 .data          0x10000008        0x0 ../../libs/CMSIS/CM3/CoreSupport/core_cm3.o
 .data          0x10000008        0x0 FreeRTOS/list.o
 .data          0x10000008        0x0 FreeRTOS/queue.o
 .data          0x10000008        0x0 FreeRTOS/tasks.o
 .data          0x10000008        0x0 FreeRTOS/portable/MemMang/heap_2.o
 .data          0x10000008        0x4 FreeRTOS/portable/GCC/ARM_CM3/port.o
 .data          0x1000000c        0x0 /home/cas/Documentos/06_software/arm_toolchain/codesourcery_arm_toolchain-2009q3/bin/../lib/gcc/arm-none-eabi/4.4.1/../../../../arm-none-eabi/lib/thumb2/libc.a(lib_a-memcpy.o)
 .data          0x1000000c        0x0 /home/cas/Documentos/06_software/arm_toolchain/codesourcery_arm_toolchain-2009q3/bin/../lib/gcc/arm-none-eabi/4.4.1/../../../../arm-none-eabi/lib/thumb2/libc.a(lib_a-memset.o)
 .data          0x1000000c        0x0 /home/cas/Documentos/06_software/arm_toolchain/codesourcery_arm_toolchain-2009q3/bin/../lib/gcc/arm-none-eabi/4.4.1/../../../../arm-none-eabi/lib/thumb2/libc.a(lib_a-strncpy.o)
 .data          0x1000000c        0x0 /home/cas/Documentos/06_software/arm_toolchain/codesourcery_arm_toolchain-2009q3/bin/../lib/gcc/arm-none-eabi/4.4.1/thumb2/crtend.o
 .data          0x1000000c        0x0 /home/cas/Documentos/06_software/arm_toolchain/codesourcery_arm_toolchain-2009q3/bin/../lib/gcc/arm-none-eabi/4.4.1/thumb2/crtn.o
                0x1000000c                _edata = .

.init_array     0x1000000c        0x4 load address 0x00003298
 .init_array    0x1000000c        0x4 /home/cas/Documentos/06_software/arm_toolchain/codesourcery_arm_toolchain-2009q3/bin/../lib/gcc/arm-none-eabi/4.4.1/thumb2/crtbegin.o

.fini_array     0x10000010        0x4 load address 0x0000329c
 .fini_array    0x10000010        0x4 /home/cas/Documentos/06_software/arm_toolchain/codesourcery_arm_toolchain-2009q3/bin/../lib/gcc/arm-none-eabi/4.4.1/thumb2/crtbegin.o

.jcr            0x10000014        0x4 load address 0x000032a0
 .jcr           0x10000014        0x0 /home/cas/Documentos/06_software/arm_toolchain/codesourcery_arm_toolchain-2009q3/bin/../lib/gcc/arm-none-eabi/4.4.1/thumb2/crtbegin.o
 .jcr           0x10000014        0x4 /home/cas/Documentos/06_software/arm_toolchain/codesourcery_arm_toolchain-2009q3/bin/../lib/gcc/arm-none-eabi/4.4.1/thumb2/crtend.o

.bss            0x10000018     0x4d74 load address 0x000032a4
                0x10000018                _bss = .
 *(.bss*)
 .bss           0x10000018        0x0 /home/cas/Documentos/06_software/arm_toolchain/codesourcery_arm_toolchain-2009q3/bin/../lib/gcc/arm-none-eabi/4.4.1/thumb2/crti.o
 .bss           0x10000018       0x1c /home/cas/Documentos/06_software/arm_toolchain/codesourcery_arm_toolchain-2009q3/bin/../lib/gcc/arm-none-eabi/4.4.1/thumb2/crtbegin.o
 .bss           0x10000034        0x0 main.o
 .bss           0x10000034        0x0 printf-stdarg.o
 .bss           0x10000034        0x0 syscalls.o
 .bss           0x10000034        0x0 LPC17xx_Interrupts.o
 .bss           0x10000034        0x0 ../../libs/CMSIS/CM3/DeviceSupport/NXP/LPC17xx/system_LPC17xx.o
 .bss           0x10000034        0x0 ../../libs/CMSIS/CM3/CoreSupport/core_cm3.o
 .bss           0x10000034        0x0 FreeRTOS/list.o
 .bss           0x10000034        0x0 FreeRTOS/queue.o
 .bss           0x10000034       0xe8 FreeRTOS/tasks.o
                0x10000034                pxCurrentTCB
 *fill*         0x1000011c        0x4 00
 .bss           0x10000120     0x4c18 FreeRTOS/portable/MemMang/heap_2.o
 .bss           0x10004d38        0x0 FreeRTOS/portable/GCC/ARM_CM3/port.o
 .bss           0x10004d38        0x0 /home/cas/Documentos/06_software/arm_toolchain/codesourcery_arm_toolchain-2009q3/bin/../lib/gcc/arm-none-eabi/4.4.1/../../../../arm-none-eabi/lib/thumb2/libc.a(lib_a-memcpy.o)
 .bss           0x10004d38        0x0 /home/cas/Documentos/06_software/arm_toolchain/codesourcery_arm_toolchain-2009q3/bin/../lib/gcc/arm-none-eabi/4.4.1/../../../../arm-none-eabi/lib/thumb2/libc.a(lib_a-memset.o)
 .bss           0x10004d38        0x0 /home/cas/Documentos/06_software/arm_toolchain/codesourcery_arm_toolchain-2009q3/bin/../lib/gcc/arm-none-eabi/4.4.1/../../../../arm-none-eabi/lib/thumb2/libc.a(lib_a-strncpy.o)
 .bss           0x10004d38        0x0 /home/cas/Documentos/06_software/arm_toolchain/codesourcery_arm_toolchain-2009q3/bin/../lib/gcc/arm-none-eabi/4.4.1/thumb2/crtend.o
 .bss           0x10004d38        0x0 /home/cas/Documentos/06_software/arm_toolchain/codesourcery_arm_toolchain-2009q3/bin/../lib/gcc/arm-none-eabi/4.4.1/thumb2/crtn.o
 *(COMMON)
 COMMON         0x10004d38        0x1 main.o
                0x10004d38                dev_175x
 *fill*         0x10004d39        0x3 00
 COMMON         0x10004d3c       0x50 FreeRTOS/queue.o
                0x10004d3c                xQueueRegistry
                0x10004d8c                _ebss = .

.cr_heap        0x10004d8c        0x0
                0x10004d8c                end = .
                0x10004d8c                _pvHeapStart = .
                0x10007ff0                _StackTop = 0x10007ff0
OUTPUT(main.elf elf32-littlearm)

.ARM.attributes
                0x00000000       0x25
 .ARM.attributes
                0x00000000       0x17 /home/cas/Documentos/06_software/arm_toolchain/codesourcery_arm_toolchain-2009q3/bin/../lib/gcc/arm-none-eabi/4.4.1/thumb2/crti.o
 .ARM.attributes
                0x00000017       0x27 /home/cas/Documentos/06_software/arm_toolchain/codesourcery_arm_toolchain-2009q3/bin/../lib/gcc/arm-none-eabi/4.4.1/thumb2/crtbegin.o
 .ARM.attributes
                0x0000003e       0x31 main.o
 .ARM.attributes
                0x0000006f       0x31 printf-stdarg.o
 .ARM.attributes
                0x000000a0       0x31 syscalls.o
 .ARM.attributes
                0x000000d1       0x31 LPC17xx_Interrupts.o
 .ARM.attributes
                0x00000102       0x31 ../../libs/CMSIS/CM3/DeviceSupport/NXP/LPC17xx/system_LPC17xx.o
 .ARM.attributes
                0x00000133       0x31 ../../libs/CMSIS/CM3/CoreSupport/core_cm3.o
 .ARM.attributes
                0x00000164       0x31 FreeRTOS/list.o
 .ARM.attributes
                0x00000195       0x31 FreeRTOS/queue.o
 .ARM.attributes
                0x000001c6       0x31 FreeRTOS/tasks.o
 .ARM.attributes
                0x000001f7       0x31 FreeRTOS/portable/MemMang/heap_2.o
 .ARM.attributes
                0x00000228       0x31 FreeRTOS/portable/GCC/ARM_CM3/port.o
 .ARM.attributes
                0x00000259       0x27 /home/cas/Documentos/06_software/arm_toolchain/codesourcery_arm_toolchain-2009q3/bin/../lib/gcc/arm-none-eabi/4.4.1/../../../../arm-none-eabi/lib/thumb2/libc.a(lib_a-memcpy.o)
 .ARM.attributes
                0x00000280       0x27 /home/cas/Documentos/06_software/arm_toolchain/codesourcery_arm_toolchain-2009q3/bin/../lib/gcc/arm-none-eabi/4.4.1/../../../../arm-none-eabi/lib/thumb2/libc.a(lib_a-memset.o)
 .ARM.attributes
                0x000002a7       0x27 /home/cas/Documentos/06_software/arm_toolchain/codesourcery_arm_toolchain-2009q3/bin/../lib/gcc/arm-none-eabi/4.4.1/../../../../arm-none-eabi/lib/thumb2/libc.a(lib_a-strncpy.o)
 .ARM.attributes
                0x000002ce       0x27 /home/cas/Documentos/06_software/arm_toolchain/codesourcery_arm_toolchain-2009q3/bin/../lib/gcc/arm-none-eabi/4.4.1/thumb2/crtend.o
 .ARM.attributes
                0x000002f5       0x17 /home/cas/Documentos/06_software/arm_toolchain/codesourcery_arm_toolchain-2009q3/bin/../lib/gcc/arm-none-eabi/4.4.1/thumb2/crtn.o

.comment        0x00000000      0x1ce
 .comment       0x00000000       0x2a main.o
 .comment       0x0000002a       0x2a printf-stdarg.o
 .comment       0x00000054       0x2a syscalls.o
 .comment       0x0000007e       0x2a LPC17xx_Interrupts.o
 .comment       0x000000a8       0x2a ../../libs/CMSIS/CM3/DeviceSupport/NXP/LPC17xx/system_LPC17xx.o
 .comment       0x000000d2       0x2a ../../libs/CMSIS/CM3/CoreSupport/core_cm3.o
 .comment       0x000000fc       0x2a FreeRTOS/list.o
 .comment       0x00000126       0x2a FreeRTOS/queue.o
 .comment       0x00000150       0x2a FreeRTOS/tasks.o
 .comment       0x0000017a       0x2a FreeRTOS/portable/MemMang/heap_2.o
 .comment       0x000001a4       0x2a FreeRTOS/portable/GCC/ARM_CM3/port.o

.debug_abbrev   0x00000000      0xd6b
 .debug_abbrev  0x00000000      0x19a main.o
 .debug_abbrev  0x0000019a      0x147 printf-stdarg.o
 .debug_abbrev  0x000002e1      0x17a syscalls.o
 .debug_abbrev  0x0000045b       0xce LPC17xx_Interrupts.o
 .debug_abbrev  0x00000529       0xc6 ../../libs/CMSIS/CM3/DeviceSupport/NXP/LPC17xx/system_LPC17xx.o
 .debug_abbrev  0x000005ef       0xd9 ../../libs/CMSIS/CM3/CoreSupport/core_cm3.o
 .debug_abbrev  0x000006c8       0xc8 FreeRTOS/list.o
 .debug_abbrev  0x00000790      0x182 FreeRTOS/queue.o
 .debug_abbrev  0x00000912      0x1a9 FreeRTOS/tasks.o
 .debug_abbrev  0x00000abb      0x17a FreeRTOS/portable/MemMang/heap_2.o
 .debug_abbrev  0x00000c35      0x136 FreeRTOS/portable/GCC/ARM_CM3/port.o

.debug_info     0x00000000     0x3d40
 .debug_info    0x00000000      0x8d0 main.o
 .debug_info    0x000008d0      0x3ec printf-stdarg.o
 .debug_info    0x00000cbc      0xc23 syscalls.o
 .debug_info    0x000018df      0x101 LPC17xx_Interrupts.o
 .debug_info    0x000019e0      0x334 ../../libs/CMSIS/CM3/DeviceSupport/NXP/LPC17xx/system_LPC17xx.o
 .debug_info    0x00001d14      0x54c ../../libs/CMSIS/CM3/CoreSupport/core_cm3.o
 .debug_info    0x00002260      0x2cc FreeRTOS/list.o
 .debug_info    0x0000252c      0x819 FreeRTOS/queue.o
 .debug_info    0x00002d45      0xb28 FreeRTOS/tasks.o
 .debug_info    0x0000386d      0x2d1 FreeRTOS/portable/MemMang/heap_2.o
 .debug_info    0x00003b3e      0x202 FreeRTOS/portable/GCC/ARM_CM3/port.o

.debug_line     0x00000000     0x2ade
 .debug_line    0x00000000      0x530 main.o
 .debug_line    0x00000530      0x1b5 printf-stdarg.o
 .debug_line    0x000006e5      0x3d9 syscalls.o
 .debug_line    0x00000abe       0x5f LPC17xx_Interrupts.o
 .debug_line    0x00000b1d      0x1b5 ../../libs/CMSIS/CM3/DeviceSupport/NXP/LPC17xx/system_LPC17xx.o
 .debug_line    0x00000cd2      0x29e ../../libs/CMSIS/CM3/CoreSupport/core_cm3.o
 .debug_line    0x00000f70      0x4c6 FreeRTOS/list.o
 .debug_line    0x00001436      0x6a2 FreeRTOS/queue.o
 .debug_line    0x00001ad8      0x7bc FreeRTOS/tasks.o
 .debug_line    0x00002294      0x4da FreeRTOS/portable/MemMang/heap_2.o
 .debug_line    0x0000276e      0x370 FreeRTOS/portable/GCC/ARM_CM3/port.o

.debug_macinfo  0x00000000    0x451f4
 .debug_macinfo
                0x00000000     0xaa0c main.o
 .debug_macinfo
                0x0000aa0c      0xeaf printf-stdarg.o
 .debug_macinfo
                0x0000b8bb     0x362c syscalls.o
 .debug_macinfo
                0x0000eee7      0xd23 LPC17xx_Interrupts.o
 .debug_macinfo
                0x0000fc0a     0x5ce0 ../../libs/CMSIS/CM3/DeviceSupport/NXP/LPC17xx/system_LPC17xx.o
 .debug_macinfo
                0x000158ea     0x15b4 ../../libs/CMSIS/CM3/CoreSupport/core_cm3.o
 .debug_macinfo
                0x00016e9e     0x9060 FreeRTOS/list.o
 .debug_macinfo
                0x0001fefe     0x9cc9 FreeRTOS/queue.o
 .debug_macinfo
                0x00029bc7     0xa5b9 FreeRTOS/tasks.o
 .debug_macinfo
                0x00034180     0x973a FreeRTOS/portable/MemMang/heap_2.o
 .debug_macinfo
                0x0003d8ba     0x793a FreeRTOS/portable/GCC/ARM_CM3/port.o

.debug_frame    0x00000000      0xdf0
 .debug_frame   0x00000000       0xc0 main.o
 .debug_frame   0x000000c0      0x154 printf-stdarg.o
 .debug_frame   0x00000214       0xd4 syscalls.o
 .debug_frame   0x000002e8       0x4c LPC17xx_Interrupts.o
 .debug_frame   0x00000334       0x48 ../../libs/CMSIS/CM3/DeviceSupport/NXP/LPC17xx/system_LPC17xx.o
 .debug_frame   0x0000037c      0x248 ../../libs/CMSIS/CM3/CoreSupport/core_cm3.o
 .debug_frame   0x000005c4       0x9c FreeRTOS/list.o
 .debug_frame   0x00000660      0x21c FreeRTOS/queue.o
 .debug_frame   0x0000087c      0x338 FreeRTOS/tasks.o
 .debug_frame   0x00000bb4       0x88 FreeRTOS/portable/MemMang/heap_2.o
 .debug_frame   0x00000c3c      0x124 FreeRTOS/portable/GCC/ARM_CM3/port.o
 .debug_frame   0x00000d60       0x38 /home/cas/Documentos/06_software/arm_toolchain/codesourcery_arm_toolchain-2009q3/bin/../lib/gcc/arm-none-eabi/4.4.1/../../../../arm-none-eabi/lib/thumb2/libc.a(lib_a-memcpy.o)
 .debug_frame   0x00000d98       0x2c /home/cas/Documentos/06_software/arm_toolchain/codesourcery_arm_toolchain-2009q3/bin/../lib/gcc/arm-none-eabi/4.4.1/../../../../arm-none-eabi/lib/thumb2/libc.a(lib_a-memset.o)
 .debug_frame   0x00000dc4       0x2c /home/cas/Documentos/06_software/arm_toolchain/codesourcery_arm_toolchain-2009q3/bin/../lib/gcc/arm-none-eabi/4.4.1/../../../../arm-none-eabi/lib/thumb2/libc.a(lib_a-strncpy.o)

.debug_loc      0x00000000     0x1564
 .debug_loc     0x00000000      0x126 main.o
 .debug_loc     0x00000126      0x1df printf-stdarg.o
 .debug_loc     0x00000305      0x181 syscalls.o
 .debug_loc     0x00000486       0x62 LPC17xx_Interrupts.o
 .debug_loc     0x000004e8       0x56 ../../libs/CMSIS/CM3/DeviceSupport/NXP/LPC17xx/system_LPC17xx.o
 .debug_loc     0x0000053e      0x3de ../../libs/CMSIS/CM3/CoreSupport/core_cm3.o
 .debug_loc     0x0000091c      0x113 FreeRTOS/list.o
 .debug_loc     0x00000a2f      0x3a7 FreeRTOS/queue.o
 .debug_loc     0x00000dd6      0x55a FreeRTOS/tasks.o
 .debug_loc     0x00001330       0xc4 FreeRTOS/portable/MemMang/heap_2.o
 .debug_loc     0x000013f4      0x170 FreeRTOS/portable/GCC/ARM_CM3/port.o

.debug_pubnames
                0x00000000      0x83b
 .debug_pubnames
                0x00000000       0x94 main.o
 .debug_pubnames
                0x00000094       0x40 printf-stdarg.o
 .debug_pubnames
                0x000000d4       0x6c syscalls.o
 .debug_pubnames
                0x00000140       0x40 LPC17xx_Interrupts.o
 .debug_pubnames
                0x00000180       0x4f ../../libs/CMSIS/CM3/DeviceSupport/NXP/LPC17xx/system_LPC17xx.o
 .debug_pubnames
                0x000001cf      0x159 ../../libs/CMSIS/CM3/CoreSupport/core_cm3.o
 .debug_pubnames
                0x00000328       0x71 FreeRTOS/list.o
 .debug_pubnames
                0x00000399      0x13c FreeRTOS/queue.o
 .debug_pubnames
                0x000004d5      0x1f5 FreeRTOS/tasks.o
 .debug_pubnames
                0x000006ca       0x64 FreeRTOS/portable/MemMang/heap_2.o
 .debug_pubnames
                0x0000072e      0x10d FreeRTOS/portable/GCC/ARM_CM3/port.o

.debug_aranges  0x00000000      0x478
 .debug_aranges
                0x00000000       0x48 main.o
 .debug_aranges
                0x00000048       0x58 printf-stdarg.o
 .debug_aranges
                0x000000a0       0x50 syscalls.o
 .debug_aranges
                0x000000f0       0x28 LPC17xx_Interrupts.o
 .debug_aranges
                0x00000118       0x28 ../../libs/CMSIS/CM3/DeviceSupport/NXP/LPC17xx/system_LPC17xx.o
 .debug_aranges
                0x00000140       0xc8 ../../libs/CMSIS/CM3/CoreSupport/core_cm3.o
 .debug_aranges
                0x00000208       0x40 FreeRTOS/list.o
 .debug_aranges
                0x00000248       0xa0 FreeRTOS/queue.o
 .debug_aranges
                0x000002e8       0xe8 FreeRTOS/tasks.o
 .debug_aranges
                0x000003d0       0x38 FreeRTOS/portable/MemMang/heap_2.o
 .debug_aranges
                0x00000408       0x70 FreeRTOS/portable/GCC/ARM_CM3/port.o

.debug_ranges   0x00000000      0x420
 .debug_ranges  0x00000000       0x40 main.o
 .debug_ranges  0x00000040       0x50 printf-stdarg.o
 .debug_ranges  0x00000090       0x48 syscalls.o
 .debug_ranges  0x000000d8       0x20 LPC17xx_Interrupts.o
 .debug_ranges  0x000000f8       0x20 ../../libs/CMSIS/CM3/DeviceSupport/NXP/LPC17xx/system_LPC17xx.o
 .debug_ranges  0x00000118       0xc0 ../../libs/CMSIS/CM3/CoreSupport/core_cm3.o
 .debug_ranges  0x000001d8       0x38 FreeRTOS/list.o
 .debug_ranges  0x00000210       0x98 FreeRTOS/queue.o
 .debug_ranges  0x000002a8       0xe0 FreeRTOS/tasks.o
 .debug_ranges  0x00000388       0x30 FreeRTOS/portable/MemMang/heap_2.o
 .debug_ranges  0x000003b8       0x68 FreeRTOS/portable/GCC/ARM_CM3/port.o

.debug_str      0x00000000     0x18c5
 .debug_str     0x00000000      0x4d5 main.o
                                0x50e (size before relaxing)
 .debug_str     0x000004d5       0x8b printf-stdarg.o
                                0x13c (size before relaxing)
 .debug_str     0x00000560      0x4b6 syscalls.o
                                0x5f7 (size before relaxing)
 .debug_str     0x00000a16       0x73 LPC17xx_Interrupts.o
                                0x10a (size before relaxing)
 .debug_str     0x00000a89       0x71 ../../libs/CMSIS/CM3/DeviceSupport/NXP/LPC17xx/system_LPC17xx.o
                                0x2ac (size before relaxing)
 .debug_str     0x00000afa      0x158 ../../libs/CMSIS/CM3/CoreSupport/core_cm3.o
                                0x292 (size before relaxing)
 .debug_str     0x00000c52      0x13b FreeRTOS/list.o
                                0x256 (size before relaxing)
 .debug_str     0x00000d8d      0x371 FreeRTOS/queue.o
                                0x549 (size before relaxing)
 .debug_str     0x000010fe      0x541 FreeRTOS/tasks.o
                                0x763 (size before relaxing)
 .debug_str     0x0000163f      0x15a FreeRTOS/portable/MemMang/heap_2.o
                                0x281 (size before relaxing)
 .debug_str     0x00001799      0x12c FreeRTOS/portable/GCC/ARM_CM3/port.o
                                0x262 (size before relaxing)
